[0.144s] DEBUG:colcon:Command line arguments: ['/usr/bin/colcon', 'build']
[0.144s] DEBUG:colcon:Parsed command line arguments: Namespace(log_base=None, log_level=None, verb_name='build', build_base='build', install_base='install', merge_install=False, symlink_install=False, test_result_base=None, continue_on_error=False, executor='parallel', parallel_workers=16, event_handlers=None, ignore_user_meta=False, metas=['./colcon.meta'], base_paths=['.'], packages_ignore=None, packages_ignore_regex=None, paths=None, packages_up_to=None, packages_up_to_regex=None, packages_above=None, packages_above_and_dependencies=None, packages_above_depth=None, packages_select_by_dep=None, packages_skip_by_dep=None, packages_skip_up_to=None, packages_select_build_failed=False, packages_skip_build_finished=False, packages_select_test_failures=False, packages_skip_test_passed=False, packages_select=None, packages_skip=None, packages_select_regex=None, packages_skip_regex=None, packages_start=None, packages_end=None, cmake_args=None, cmake_target=None, cmake_target_skip_unavailable=False, cmake_clean_cache=False, cmake_clean_first=False, cmake_force_configure=False, ament_cmake_args=None, catkin_cmake_args=None, catkin_skip_building_tests=False, verb_parser=<colcon_defaults.argument_parser.defaults.DefaultArgumentsDecorator object at 0x789fe803a750>, verb_extension=<colcon_core.verb.build.BuildVerb object at 0x789fe810f500>, main=<bound method BuildVerb.main of <colcon_core.verb.build.BuildVerb object at 0x789fe810f500>>)
[0.208s] Level 1:colcon.colcon_core.package_discovery:discover_packages(colcon_meta) check parameters
[0.208s] Level 1:colcon.colcon_core.package_discovery:discover_packages(recursive) check parameters
[0.208s] Level 1:colcon.colcon_core.package_discovery:discover_packages(ignore) check parameters
[0.208s] Level 1:colcon.colcon_core.package_discovery:discover_packages(path) check parameters
[0.208s] Level 1:colcon.colcon_core.package_discovery:discover_packages(colcon_meta) discover
[0.208s] Level 1:colcon.colcon_core.package_discovery:discover_packages(recursive) discover
[0.208s] INFO:colcon.colcon_core.package_discovery:Crawling recursively for packages in '/home/prhayogo/Downloads/Nexus_Gazebo'
[0.208s] Level 1:colcon.colcon_core.package_identification:_identify(.) by extensions ['ignore', 'ignore_ament_install']
[0.208s] Level 1:colcon.colcon_core.package_identification:_identify(.) by extension 'ignore'
[0.208s] Level 1:colcon.colcon_core.package_identification:_identify(.) by extension 'ignore_ament_install'
[0.208s] Level 1:colcon.colcon_core.package_identification:_identify(.) by extensions ['colcon_pkg']
[0.208s] Level 1:colcon.colcon_core.package_identification:_identify(.) by extension 'colcon_pkg'
[0.208s] Level 1:colcon.colcon_core.package_identification:_identify(.) by extensions ['colcon_meta']
[0.208s] Level 1:colcon.colcon_core.package_identification:_identify(.) by extension 'colcon_meta'
[0.208s] Level 1:colcon.colcon_core.package_identification:_identify(.) by extensions ['ros']
[0.208s] Level 1:colcon.colcon_core.package_identification:_identify(.) by extension 'ros'
[0.242s] DEBUG:colcon.colcon_core.package_identification:Package '.' with type 'ros.ament_cmake' and name 'nexus_gazebo'
[0.242s] Level 1:colcon.colcon_core.package_discovery:discover_packages(recursive) using defaults
[0.242s] Level 1:colcon.colcon_core.package_discovery:discover_packages(ignore) discover
[0.242s] Level 1:colcon.colcon_core.package_discovery:discover_packages(ignore) using defaults
[0.242s] Level 1:colcon.colcon_core.package_discovery:discover_packages(path) discover
[0.242s] Level 1:colcon.colcon_core.package_discovery:discover_packages(path) using defaults
[0.269s] Level 5:colcon.colcon_core.verb:set package 'nexus_gazebo' build argument 'cmake_args' from command line to 'None'
[0.269s] Level 5:colcon.colcon_core.verb:set package 'nexus_gazebo' build argument 'cmake_target' from command line to 'None'
[0.269s] Level 5:colcon.colcon_core.verb:set package 'nexus_gazebo' build argument 'cmake_target_skip_unavailable' from command line to 'False'
[0.269s] Level 5:colcon.colcon_core.verb:set package 'nexus_gazebo' build argument 'cmake_clean_cache' from command line to 'False'
[0.269s] Level 5:colcon.colcon_core.verb:set package 'nexus_gazebo' build argument 'cmake_clean_first' from command line to 'False'
[0.269s] Level 5:colcon.colcon_core.verb:set package 'nexus_gazebo' build argument 'cmake_force_configure' from command line to 'False'
[0.269s] Level 5:colcon.colcon_core.verb:set package 'nexus_gazebo' build argument 'ament_cmake_args' from command line to 'None'
[0.269s] Level 5:colcon.colcon_core.verb:set package 'nexus_gazebo' build argument 'catkin_cmake_args' from command line to 'None'
[0.270s] Level 5:colcon.colcon_core.verb:set package 'nexus_gazebo' build argument 'catkin_skip_building_tests' from command line to 'False'
[0.270s] DEBUG:colcon.colcon_core.verb:Building package 'nexus_gazebo' with the following arguments: {'ament_cmake_args': None, 'build_base': '/home/prhayogo/Downloads/Nexus_Gazebo/build/nexus_gazebo', 'catkin_cmake_args': None, 'catkin_skip_building_tests': False, 'cmake_args': None, 'cmake_clean_cache': False, 'cmake_clean_first': False, 'cmake_force_configure': False, 'cmake_target': None, 'cmake_target_skip_unavailable': False, 'install_base': '/home/prhayogo/Downloads/Nexus_Gazebo/install/nexus_gazebo', 'merge_install': False, 'path': '/home/prhayogo/Downloads/Nexus_Gazebo', 'symlink_install': False, 'test_result_base': None}
[0.270s] INFO:colcon.colcon_core.executor:Executing jobs using 'parallel' executor
[0.271s] DEBUG:colcon.colcon_parallel_executor.executor.parallel:run_until_complete
[0.271s] INFO:colcon.colcon_ros.task.ament_cmake.build:Building ROS package in '/home/prhayogo/Downloads/Nexus_Gazebo' with build type 'ament_cmake'
[0.271s] INFO:colcon.colcon_cmake.task.cmake.build:Building CMake package in '/home/prhayogo/Downloads/Nexus_Gazebo'
[0.275s] INFO:colcon.colcon_core.plugin_system:Skipping extension 'colcon_core.shell.bat': Not used on non-Windows systems
[0.276s] DEBUG:colcon.colcon_core.shell:Skip shell extension 'dsv' for command environment
[0.293s] DEBUG:colcon.colcon_core.event_handler.log_command:Invoking command in '/home/prhayogo/Downloads/Nexus_Gazebo/build/nexus_gazebo': CMAKE_PREFIX_PATH=${CMAKE_PREFIX_PATH}:/opt/ros/jazzy DEBUGINFOD_URLS=https://debuginfod.ubuntu.com /usr/bin/cmake /home/prhayogo/Downloads/Nexus_Gazebo -DCMAKE_INSTALL_PREFIX=/home/prhayogo/Downloads/Nexus_Gazebo/install/nexus_gazebo
[2.025s] DEBUG:colcon.colcon_core.event_handler.log_command:Invoked command in '/home/prhayogo/Downloads/Nexus_Gazebo/build/nexus_gazebo' returned '0': CMAKE_PREFIX_PATH=${CMAKE_PREFIX_PATH}:/opt/ros/jazzy DEBUGINFOD_URLS=https://debuginfod.ubuntu.com /usr/bin/cmake /home/prhayogo/Downloads/Nexus_Gazebo -DCMAKE_INSTALL_PREFIX=/home/prhayogo/Downloads/Nexus_Gazebo/install/nexus_gazebo
[2.026s] DEBUG:colcon.colcon_core.event_handler.log_command:Invoking command in '/home/prhayogo/Downloads/Nexus_Gazebo/build/nexus_gazebo': CMAKE_PREFIX_PATH=${CMAKE_PREFIX_PATH}:/opt/ros/jazzy DEBUGINFOD_URLS=https://debuginfod.ubuntu.com /usr/bin/cmake --build /home/prhayogo/Downloads/Nexus_Gazebo/build/nexus_gazebo -- -j16 -l16
[11.850s] DEBUG:colcon.colcon_core.event_handler.log_command:Invoked command in '/home/prhayogo/Downloads/Nexus_Gazebo/build/nexus_gazebo' returned '0': CMAKE_PREFIX_PATH=${CMAKE_PREFIX_PATH}:/opt/ros/jazzy DEBUGINFOD_URLS=https://debuginfod.ubuntu.com /usr/bin/cmake --build /home/prhayogo/Downloads/Nexus_Gazebo/build/nexus_gazebo -- -j16 -l16
[11.863s] DEBUG:colcon.colcon_core.event_handler.log_command:Invoking command in '/home/prhayogo/Downloads/Nexus_Gazebo/build/nexus_gazebo': CMAKE_PREFIX_PATH=${CMAKE_PREFIX_PATH}:/opt/ros/jazzy DEBUGINFOD_URLS=https://debuginfod.ubuntu.com /usr/bin/cmake --install /home/prhayogo/Downloads/Nexus_Gazebo/build/nexus_gazebo
[11.889s] Level 1:colcon.colcon_core.environment:create_environment_scripts_only(nexus_gazebo)
[11.889s] DEBUG:colcon.colcon_core.event_handler.log_command:Invoked command in '/home/prhayogo/Downloads/Nexus_Gazebo/build/nexus_gazebo' returned '0': CMAKE_PREFIX_PATH=${CMAKE_PREFIX_PATH}:/opt/ros/jazzy DEBUGINFOD_URLS=https://debuginfod.ubuntu.com /usr/bin/cmake --install /home/prhayogo/Downloads/Nexus_Gazebo/build/nexus_gazebo
[11.893s] Level 1:colcon.colcon_core.environment:checking '/home/prhayogo/Downloads/Nexus_Gazebo/install/nexus_gazebo' for CMake module files
[11.893s] Level 1:colcon.colcon_core.environment:checking '/home/prhayogo/Downloads/Nexus_Gazebo/install/nexus_gazebo' for CMake config files
[11.893s] Level 1:colcon.colcon_core.shell:create_environment_hook('nexus_gazebo', 'cmake_prefix_path')
[11.893s] INFO:colcon.colcon_core.shell:Creating environment descriptor '/home/prhayogo/Downloads/Nexus_Gazebo/install/nexus_gazebo/share/nexus_gazebo/hook/cmake_prefix_path.dsv'
[11.894s] INFO:colcon.colcon_core.shell:Creating environment hook '/home/prhayogo/Downloads/Nexus_Gazebo/install/nexus_gazebo/share/nexus_gazebo/hook/cmake_prefix_path.sh'
[11.895s] Level 1:colcon.colcon_core.environment:checking '/home/prhayogo/Downloads/Nexus_Gazebo/install/nexus_gazebo/lib'
[11.895s] Level 1:colcon.colcon_core.environment:checking '/home/prhayogo/Downloads/Nexus_Gazebo/install/nexus_gazebo/bin'
[11.895s] Level 1:colcon.colcon_core.environment:checking '/home/prhayogo/Downloads/Nexus_Gazebo/install/nexus_gazebo/lib/pkgconfig/nexus_gazebo.pc'
[11.897s] Level 1:colcon.colcon_core.environment:checking '/home/prhayogo/Downloads/Nexus_Gazebo/install/nexus_gazebo/lib/python3.12/site-packages'
[11.898s] Level 1:colcon.colcon_core.environment:checking '/home/prhayogo/Downloads/Nexus_Gazebo/install/nexus_gazebo/bin'
[11.898s] INFO:colcon.colcon_core.shell:Creating package descriptor '/home/prhayogo/Downloads/Nexus_Gazebo/install/nexus_gazebo/share/nexus_gazebo/package.dsv'
[11.899s] INFO:colcon.colcon_core.shell:Creating package script '/home/prhayogo/Downloads/Nexus_Gazebo/install/nexus_gazebo/share/nexus_gazebo/package.sh'
[11.900s] INFO:colcon.colcon_core.shell:Creating package script '/home/prhayogo/Downloads/Nexus_Gazebo/install/nexus_gazebo/share/nexus_gazebo/package.bash'
[11.900s] INFO:colcon.colcon_core.shell:Creating package script '/home/prhayogo/Downloads/Nexus_Gazebo/install/nexus_gazebo/share/nexus_gazebo/package.zsh'
[11.901s] Level 1:colcon.colcon_core.environment:create_file_with_runtime_dependencies(/home/prhayogo/Downloads/Nexus_Gazebo/install/nexus_gazebo/share/colcon-core/packages/nexus_gazebo)
[11.901s] Level 1:colcon.colcon_core.environment:create_environment_scripts_only(nexus_gazebo)
[11.901s] Level 1:colcon.colcon_core.environment:checking '/home/prhayogo/Downloads/Nexus_Gazebo/install/nexus_gazebo' for CMake module files
[11.901s] Level 1:colcon.colcon_core.environment:checking '/home/prhayogo/Downloads/Nexus_Gazebo/install/nexus_gazebo' for CMake config files
[11.902s] Level 1:colcon.colcon_core.shell:create_environment_hook('nexus_gazebo', 'cmake_prefix_path')
[11.902s] INFO:colcon.colcon_core.shell:Creating environment descriptor '/home/prhayogo/Downloads/Nexus_Gazebo/install/nexus_gazebo/share/nexus_gazebo/hook/cmake_prefix_path.dsv'
[11.903s] INFO:colcon.colcon_core.shell:Creating environment hook '/home/prhayogo/Downloads/Nexus_Gazebo/install/nexus_gazebo/share/nexus_gazebo/hook/cmake_prefix_path.sh'
[11.903s] Level 1:colcon.colcon_core.environment:checking '/home/prhayogo/Downloads/Nexus_Gazebo/install/nexus_gazebo/lib'
[11.903s] Level 1:colcon.colcon_core.environment:checking '/home/prhayogo/Downloads/Nexus_Gazebo/install/nexus_gazebo/bin'
[11.903s] Level 1:colcon.colcon_core.environment:checking '/home/prhayogo/Downloads/Nexus_Gazebo/install/nexus_gazebo/lib/pkgconfig/nexus_gazebo.pc'
[11.903s] Level 1:colcon.colcon_core.environment:checking '/home/prhayogo/Downloads/Nexus_Gazebo/install/nexus_gazebo/lib/python3.12/site-packages'
[11.903s] Level 1:colcon.colcon_core.environment:checking '/home/prhayogo/Downloads/Nexus_Gazebo/install/nexus_gazebo/bin'
[11.904s] INFO:colcon.colcon_core.shell:Creating package descriptor '/home/prhayogo/Downloads/Nexus_Gazebo/install/nexus_gazebo/share/nexus_gazebo/package.dsv'
[11.904s] INFO:colcon.colcon_core.shell:Creating package script '/home/prhayogo/Downloads/Nexus_Gazebo/install/nexus_gazebo/share/nexus_gazebo/package.sh'
[11.904s] INFO:colcon.colcon_core.shell:Creating package script '/home/prhayogo/Downloads/Nexus_Gazebo/install/nexus_gazebo/share/nexus_gazebo/package.bash'
[11.905s] INFO:colcon.colcon_core.shell:Creating package script '/home/prhayogo/Downloads/Nexus_Gazebo/install/nexus_gazebo/share/nexus_gazebo/package.zsh'
[11.905s] Level 1:colcon.colcon_core.environment:create_file_with_runtime_dependencies(/home/prhayogo/Downloads/Nexus_Gazebo/install/nexus_gazebo/share/colcon-core/packages/nexus_gazebo)
[11.905s] DEBUG:colcon.colcon_parallel_executor.executor.parallel:closing loop
[11.905s] DEBUG:colcon.colcon_parallel_executor.executor.parallel:loop closed
[11.905s] DEBUG:colcon.colcon_parallel_executor.executor.parallel:run_until_complete finished with '0'
[11.905s] DEBUG:colcon.colcon_core.event_reactor:joining thread
[11.914s] INFO:colcon.colcon_core.plugin_system:Skipping extension 'colcon_notification.desktop_notification.terminal_notifier': Not used on non-Darwin systems
[11.914s] INFO:colcon.colcon_core.plugin_system:Skipping extension 'colcon_notification.desktop_notification.win32': Not used on non-Windows systems
[11.914s] INFO:colcon.colcon_notification.desktop_notification:Sending desktop notification using 'notify2'
[11.978s] DEBUG:colcon.colcon_core.event_reactor:joined thread
[11.978s] INFO:colcon.colcon_core.shell:Creating prefix script '/home/prhayogo/Downloads/Nexus_Gazebo/install/local_setup.sh'
[11.979s] INFO:colcon.colcon_core.shell:Creating prefix util module '/home/prhayogo/Downloads/Nexus_Gazebo/install/_local_setup_util_sh.py'
[11.980s] INFO:colcon.colcon_core.shell:Creating prefix chain script '/home/prhayogo/Downloads/Nexus_Gazebo/install/setup.sh'
[11.981s] INFO:colcon.colcon_core.shell:Creating prefix script '/home/prhayogo/Downloads/Nexus_Gazebo/install/local_setup.bash'
[11.981s] INFO:colcon.colcon_core.shell:Creating prefix chain script '/home/prhayogo/Downloads/Nexus_Gazebo/install/setup.bash'
[11.982s] INFO:colcon.colcon_core.shell:Creating prefix script '/home/prhayogo/Downloads/Nexus_Gazebo/install/local_setup.zsh'
[11.983s] INFO:colcon.colcon_core.shell:Creating prefix chain script '/home/prhayogo/Downloads/Nexus_Gazebo/install/setup.zsh'
