[0.023s] Invoking command in '/home/prhayogo/Downloads/Nexus_Gazebo/build/nexus_gazebo': CMAKE_PREFIX_PATH=${CMAKE_PREFIX_PATH}:/opt/ros/jazzy DEBUGINFOD_URLS=https://debuginfod.ubuntu.com /usr/bin/cmake /home/prhayogo/Downloads/Nexus_Gazebo -DCMAKE_INSTALL_PREFIX=/home/prhayogo/Downloads/Nexus_Gazebo/install/nexus_gazebo
[0.208s] -- The C compiler identification is GNU 13.3.0
[0.363s] -- The CXX compiler identification is GNU 13.3.0
[0.394s] -- Detecting C compiler ABI info
[0.518s] -- Detecting C compiler ABI info - done
[0.526s] -- Check for working C compiler: /usr/bin/cc - skipped
[0.527s] -- Detecting C compile features
[0.527s] -- Detecting C compile features - done
[0.543s] -- Detecting CXX compiler ABI info
[0.666s] -- Detecting CXX compiler ABI info - done
[0.674s] -- Check for working CXX compiler: /usr/bin/c++ - skipped
[0.674s] -- Detecting CXX compile features
[0.675s] -- Detecting CXX compile features - done
[0.698s] -- Found ament_cmake: 2.5.6 (/opt/ros/jazzy/share/ament_cmake/cmake)
[0.875s] -- Found Python3: /usr/bin/python3 (found version "3.12.3") found components: Interpreter 
[1.032s] -- Found rclcpp: 28.1.21 (/opt/ros/jazzy/share/rclcpp/cmake)
[1.120s] -- Found rosidl_generator_c: 4.6.9 (/opt/ros/jazzy/share/rosidl_generator_c/cmake)
[1.142s] -- Found rosidl_generator_cpp: 4.6.9 (/opt/ros/jazzy/share/rosidl_generator_cpp/cmake)
[1.176s] -- Using all available rosidl_typesupport_c: rosidl_typesupport_fastrtps_c;rosidl_typesupport_introspection_c
[1.208s] -- Using all available rosidl_typesupport_cpp: rosidl_typesupport_fastrtps_cpp;rosidl_typesupport_introspection_cpp
[1.328s] -- Found rmw_implementation_cmake: 7.3.3 (/opt/ros/jazzy/share/rmw_implementation_cmake/cmake)
[1.335s] -- Found rmw_fastrtps_cpp: 8.4.4 (/opt/ros/jazzy/share/rmw_fastrtps_cpp/cmake)
[1.476s] -- Found OpenSSL: /usr/lib/x86_64-linux-gnu/libcrypto.so (found version "3.0.13")  
[1.502s] -- Found FastRTPS: /opt/ros/jazzy/include (Required is at least version "2.13") 
[1.529s] -- Using RMW implementation 'rmw_fastrtps_cpp' as default
[1.646s] -- Found sensor_msgs: 5.3.8 (/opt/ros/jazzy/share/sensor_msgs/cmake)
[1.743s] -- Found OpenCV: /usr (found version "4.6.0") 
[1.748s] -- Found cv_bridge: 4.1.0 (/opt/ros/jazzy/share/cv_bridge/cmake)
[1.758s] -- Found tf2: 0.36.21 (/opt/ros/jazzy/share/tf2/cmake)
[1.769s] -- Found nlohmann_json: /usr/share/cmake/nlohmann_json/nlohmann_jsonConfig.cmake (found version "3.11.3") 
[1.863s] -- Configuring done (1.8s)
[1.881s] -- Generating done (0.0s)
[1.885s] -- Build files have been written to: /home/prhayogo/Downloads/Nexus_Gazebo/build/nexus_gazebo
[1.898s] Invoked command in '/home/prhayogo/Downloads/Nexus_Gazebo/build/nexus_gazebo' returned '0': CMAKE_PREFIX_PATH=${CMAKE_PREFIX_PATH}:/opt/ros/jazzy DEBUGINFOD_URLS=https://debuginfod.ubuntu.com /usr/bin/cmake /home/prhayogo/Downloads/Nexus_Gazebo -DCMAKE_INSTALL_PREFIX=/home/prhayogo/Downloads/Nexus_Gazebo/install/nexus_gazebo
[1.899s] Invoking command in '/home/prhayogo/Downloads/Nexus_Gazebo/build/nexus_gazebo': CMAKE_PREFIX_PATH=${CMAKE_PREFIX_PATH}:/opt/ros/jazzy DEBUGINFOD_URLS=https://debuginfod.ubuntu.com /usr/bin/cmake --build /home/prhayogo/Downloads/Nexus_Gazebo/build/nexus_gazebo -- -j16 -l16
[1.968s] [ 50%] [32mBuilding CXX object CMakeFiles/cam_localization.dir/src/cam_localization.cpp.o[0m
[1.968s] [ 50%] [32mBuilding CXX object CMakeFiles/aruco.dir/src/aruco.cpp.o[0m
